---
source: anthropic_api/src/message.rs
expression: request
---
{
  "model": "claude-sonnet-4-5",
  "max_tokens": 1024,
  "messages": []
}
